[2017-08-10T00:03:26,404][WARN ][o.e.m.j.JvmGcMonitorService] [sOtFLMY] [gc][young][60429][103] duration [4.3s], collections [1]/[5.7s], total [4.3s]/[39.4s], memory [420.3mb]->[154.2mb]/[1.9gb], all_pools {[young] [266.2mb]->[164.1kb]/[266.2mb]}{[survivor] [71.3kb]->[81.3kb]/[33.2mb]}{[old] [154mb]->[154mb]/[1.6gb]}
[2017-08-10T00:03:29,300][WARN ][o.e.m.j.JvmGcMonitorService] [sOtFLMY] [gc][60429] overhead, spent [4.3s] collecting in the last [5.7s]
[2017-08-10T00:13:41,721][WARN ][o.e.m.j.JvmGcMonitorService] [sOtFLMY] [gc][61037] overhead, spent [699ms] collecting in the last [1s]
[2017-08-10T02:08:59,995][WARN ][o.e.m.j.JvmGcMonitorService] [sOtFLMY] [gc][young][62471][106] duration [18s], collections [1]/[20.3s], total [18s]/[58.2s], memory [419.5mb]->[154.3mb]/[1.9gb], all_pools {[young] [265.4mb]->[123.3kb]/[266.2mb]}{[survivor] [91kb]->[215.1kb]/[33.2mb]}{[old] [154mb]->[154mb]/[1.6gb]}
[2017-08-10T02:09:01,578][WARN ][o.e.m.j.JvmGcMonitorService] [sOtFLMY] [gc][62471] overhead, spent [18s] collecting in the last [20.3s]
[2017-08-10T13:01:02,741][INFO ][o.e.n.Node               ] [] initializing ...
[2017-08-10T13:01:04,239][INFO ][o.e.e.NodeEnvironment    ] [sOtFLMY] using [1] data paths, mounts [[(C:)]], net usable_space [244.7gb], net total_space [310.1gb], spins? [unknown], types [NTFS]
[2017-08-10T13:01:04,239][INFO ][o.e.e.NodeEnvironment    ] [sOtFLMY] heap size [1.9gb], compressed ordinary object pointers [true]
[2017-08-10T13:01:08,258][INFO ][o.e.n.Node               ] node name [sOtFLMY] derived from node ID [sOtFLMYbRTW_lfTXgaySOQ]; set [node.name] to override
[2017-08-10T13:01:08,258][INFO ][o.e.n.Node               ] version[5.5.1], pid[7504], build[19c13d0/2017-07-18T20:44:24.823Z], OS[Windows 8.1/6.3/amd64], JVM[Oracle Corporation/Java HotSpot(TM) 64-Bit Server VM/1.8.0_131/25.131-b11]
[2017-08-10T13:01:08,258][INFO ][o.e.n.Node               ] JVM arguments [-Xms2g, -Xmx2g, -XX:+UseConcMarkSweepGC, -XX:CMSInitiatingOccupancyFraction=75, -XX:+UseCMSInitiatingOccupancyOnly, -XX:+AlwaysPreTouch, -Xss1m, -Djava.awt.headless=true, -Dfile.encoding=UTF-8, -Djna.nosys=true, -Djdk.io.permissionsUseCanonicalPath=true, -Dio.netty.noUnsafe=true, -Dio.netty.noKeySetOptimization=true, -Dio.netty.recycler.maxCapacityPerThread=0, -Dlog4j.shutdownHookEnabled=false, -Dlog4j2.disable.jmx=true, -Dlog4j.skipJansi=true, -XX:+HeapDumpOnOutOfMemoryError, -Delasticsearch, -Des.path.home=C:\Users\Balaj\Desktop\Jake\elasticsearch-5.5.1\elasticsearch-5.5.1]
[2017-08-10T13:01:29,489][INFO ][o.e.p.PluginsService     ] [sOtFLMY] loaded module [aggs-matrix-stats]
[2017-08-10T13:01:29,489][INFO ][o.e.p.PluginsService     ] [sOtFLMY] loaded module [ingest-common]
[2017-08-10T13:01:29,489][INFO ][o.e.p.PluginsService     ] [sOtFLMY] loaded module [lang-expression]
[2017-08-10T13:01:29,489][INFO ][o.e.p.PluginsService     ] [sOtFLMY] loaded module [lang-groovy]
[2017-08-10T13:01:29,493][INFO ][o.e.p.PluginsService     ] [sOtFLMY] loaded module [lang-mustache]
[2017-08-10T13:01:29,493][INFO ][o.e.p.PluginsService     ] [sOtFLMY] loaded module [lang-painless]
[2017-08-10T13:01:29,493][INFO ][o.e.p.PluginsService     ] [sOtFLMY] loaded module [parent-join]
[2017-08-10T13:01:29,493][INFO ][o.e.p.PluginsService     ] [sOtFLMY] loaded module [percolator]
[2017-08-10T13:01:29,493][INFO ][o.e.p.PluginsService     ] [sOtFLMY] loaded module [reindex]
[2017-08-10T13:01:29,493][INFO ][o.e.p.PluginsService     ] [sOtFLMY] loaded module [transport-netty3]
[2017-08-10T13:01:29,497][INFO ][o.e.p.PluginsService     ] [sOtFLMY] loaded module [transport-netty4]
[2017-08-10T13:01:29,497][INFO ][o.e.p.PluginsService     ] [sOtFLMY] no plugins loaded
[2017-08-10T13:02:02,626][INFO ][o.e.d.DiscoveryModule    ] [sOtFLMY] using discovery type [zen]
[2017-08-10T13:02:05,288][INFO ][o.e.n.Node               ] initialized
[2017-08-10T13:02:05,288][INFO ][o.e.n.Node               ] [sOtFLMY] starting ...
[2017-08-10T13:02:08,436][INFO ][o.e.t.TransportService   ] [sOtFLMY] publish_address {127.0.0.1:9300}, bound_addresses {127.0.0.1:9300}, {[::1]:9300}
[2017-08-10T13:02:12,352][INFO ][o.e.c.s.ClusterService   ] [sOtFLMY] new_master {sOtFLMY}{sOtFLMYbRTW_lfTXgaySOQ}{TsYHgD8QSSyHU-g-fE9_Bg}{127.0.0.1}{127.0.0.1:9300}, reason: zen-disco-elected-as-master ([0] nodes joined)
[2017-08-10T13:02:13,810][INFO ][o.e.h.n.Netty4HttpServerTransport] [sOtFLMY] publish_address {127.0.0.1:9200}, bound_addresses {127.0.0.1:9200}, {[::1]:9200}
[2017-08-10T13:02:13,811][INFO ][o.e.n.Node               ] [sOtFLMY] started
[2017-08-10T13:02:16,594][INFO ][o.e.g.GatewayService     ] [sOtFLMY] recovered [3] indices into cluster_state
[2017-08-10T13:02:28,193][INFO ][o.e.c.r.a.AllocationService] [sOtFLMY] Cluster health status changed from [RED] to [YELLOW] (reason: [shards started [[my_index][0], [my_index][1], [.kibana][0]] ...]).
[2017-08-10T13:12:37,570][WARN ][o.e.m.j.JvmGcMonitorService] [sOtFLMY] [gc][young][626][3] duration [2.3s], collections [1]/[3.5s], total [2.3s]/[2.6s], memory [293.7mb]->[128.3mb]/[1.9gb], all_pools {[young] [251.9mb]->[19mb]/[266.2mb]}{[survivor] [33.2mb]->[30.5mb]/[33.2mb]}{[old] [8.5mb]->[80mb]/[1.6gb]}
[2017-08-10T13:12:37,782][WARN ][o.e.m.j.JvmGcMonitorService] [sOtFLMY] [gc][626] overhead, spent [2.3s] collecting in the last [3.5s]
[2017-08-10T13:19:30,147][INFO ][o.e.m.j.JvmGcMonitorService] [sOtFLMY] [gc][young][1036][4] duration [961ms], collections [1]/[1.3s], total [961ms]/[3.6s], memory [376.7mb]->[160.1mb]/[1.9gb], all_pools {[young] [266.1mb]->[1.7mb]/[266.2mb]}{[survivor] [30.5mb]->[25.6mb]/[33.2mb]}{[old] [80mb]->[132.7mb]/[1.6gb]}
[2017-08-10T13:19:30,147][WARN ][o.e.m.j.JvmGcMonitorService] [sOtFLMY] [gc][1036] overhead, spent [961ms] collecting in the last [1.3s]
[2017-08-10T20:54:16,832][WARN ][o.e.m.j.JvmGcMonitorService] [sOtFLMY] [gc][young][5778][12] duration [1.9s], collections [1]/[2.4s], total [1.9s]/[6.1s], memory [418.4mb]->[155mb]/[1.9gb], all_pools {[young] [265.7mb]->[2.3mb]/[266.2mb]}{[survivor] [512kb]->[439.7kb]/[33.2mb]}{[old] [152.2mb]->[152.2mb]/[1.6gb]}
[2017-08-10T20:54:17,049][WARN ][o.e.m.j.JvmGcMonitorService] [sOtFLMY] [gc][5778] overhead, spent [1.9s] collecting in the last [2.4s]
[2017-08-10T21:21:20,501][INFO ][o.e.m.j.JvmGcMonitorService] [sOtFLMY] [gc][young][6373][13] duration [744ms], collections [1]/[1s], total [744ms]/[6.8s], memory [418.9mb]->[154.4mb]/[1.9gb], all_pools {[young] [266.2mb]->[1.8mb]/[266.2mb]}{[survivor] [439.7kb]->[332.8kb]/[33.2mb]}{[old] [152.2mb]->[152.3mb]/[1.6gb]}
[2017-08-10T21:21:22,418][WARN ][o.e.m.j.JvmGcMonitorService] [sOtFLMY] [gc][6373] overhead, spent [744ms] collecting in the last [1s]
