[2017-08-23T22:21:29,510][WARN ][o.e.m.j.JvmGcMonitorService] [sOtFLMY] [gc][young][6305][27] duration [1.3s], collections [1]/[1.5s], total [1.3s]/[6.9s], memory [459.9mb]->[196.7mb]/[1.9gb], all_pools {[young] [264.4mb]->[546.1kb]/[266.2mb]}{[survivor] [2.2mb]->[2.8mb]/[33.2mb]}{[old] [193.2mb]->[193.5mb]/[1.6gb]}
[2017-08-23T22:21:31,967][WARN ][o.e.m.j.JvmGcMonitorService] [sOtFLMY] [gc][6305] overhead, spent [1.3s] collecting in the last [1.5s]
[2017-08-23T22:26:27,460][INFO ][o.e.m.j.JvmGcMonitorService] [sOtFLMY] [gc][young][6598][28] duration [845ms], collections [1]/[1.8s], total [845ms]/[7.8s], memory [462.3mb]->[196mb]/[1.9gb], all_pools {[young] [266mb]->[486.8kb]/[266.2mb]}{[survivor] [2.8mb]->[2.5mb]/[33.2mb]}{[old] [193.5mb]->[193.5mb]/[1.6gb]}
[2017-08-23T22:26:27,648][INFO ][o.e.m.j.JvmGcMonitorService] [sOtFLMY] [gc][6598] overhead, spent [845ms] collecting in the last [1.8s]
[2017-08-23T22:31:39,322][WARN ][o.e.m.j.JvmGcMonitorService] [sOtFLMY] [gc][young][6904][29] duration [3s], collections [1]/[3.9s], total [3s]/[10.8s], memory [457.9mb]->[198.9mb]/[1.9gb], all_pools {[young] [261.8mb]->[3.7mb]/[266.2mb]}{[survivor] [2.5mb]->[2.5mb]/[33.2mb]}{[old] [193.5mb]->[193.5mb]/[1.6gb]}
[2017-08-23T22:31:39,916][WARN ][o.e.m.j.JvmGcMonitorService] [sOtFLMY] [gc][6904] overhead, spent [3s] collecting in the last [3.9s]
[2017-08-23T22:36:46,031][WARN ][o.e.m.j.JvmGcMonitorService] [sOtFLMY] [gc][young][7207][30] duration [1s], collections [1]/[2s], total [1s]/[11.9s], memory [460.5mb]->[196.5mb]/[1.9gb], all_pools {[young] [264.5mb]->[939.9kb]/[266.2mb]}{[survivor] [2.5mb]->[1.9mb]/[33.2mb]}{[old] [193.5mb]->[193.8mb]/[1.6gb]}
[2017-08-23T22:36:46,343][WARN ][o.e.m.j.JvmGcMonitorService] [sOtFLMY] [gc][7207] overhead, spent [1s] collecting in the last [2s]
[2017-08-23T22:42:35,272][WARN ][o.e.m.j.JvmGcMonitorService] [sOtFLMY] [gc][young][7537][31] duration [15.1s], collections [1]/[16.4s], total [15.1s]/[27.1s], memory [461.6mb]->[197.9mb]/[1.9gb], all_pools {[young] [265.8mb]->[2.6mb]/[266.2mb]}{[survivor] [1.9mb]->[1mb]/[33.2mb]}{[old] [193.8mb]->[194.3mb]/[1.6gb]}
[2017-08-23T22:42:36,169][WARN ][o.e.m.j.JvmGcMonitorService] [sOtFLMY] [gc][7537] overhead, spent [15.1s] collecting in the last [16.4s]
[2017-08-23T22:47:59,866][WARN ][o.e.m.j.JvmGcMonitorService] [sOtFLMY] [gc][young][7855][32] duration [2.2s], collections [1]/[2.5s], total [2.2s]/[29.3s], memory [461.3mb]->[195.4mb]/[1.9gb], all_pools {[young] [266mb]->[391.7kb]/[266.2mb]}{[survivor] [1mb]->[687.9kb]/[33.2mb]}{[old] [194.3mb]->[194.4mb]/[1.6gb]}
[2017-08-23T22:48:00,030][WARN ][o.e.m.j.JvmGcMonitorService] [sOtFLMY] [gc][7855] overhead, spent [2.2s] collecting in the last [2.5s]
[2017-08-23T22:59:10,526][WARN ][o.e.m.j.JvmGcMonitorService] [sOtFLMY] [gc][young][8482][34] duration [22.6s], collections [1]/[23.5s], total [22.6s]/[52s], memory [460.6mb]->[197.8mb]/[1.9gb], all_pools {[young] [265.4mb]->[483.7kb]/[266.2mb]}{[survivor] [771.9kb]->[3mb]/[33.2mb]}{[old] [194.4mb]->[194.4mb]/[1.6gb]}
[2017-08-23T22:59:11,729][WARN ][o.e.m.j.JvmGcMonitorService] [sOtFLMY] [gc][8482] overhead, spent [22.6s] collecting in the last [23.5s]
[2017-08-23T23:04:33,379][INFO ][o.e.m.j.JvmGcMonitorService] [sOtFLMY] [gc][8793] overhead, spent [457ms] collecting in the last [1.4s]
[2017-08-23T23:49:53,234][INFO ][o.e.m.j.JvmGcMonitorService] [sOtFLMY] [gc][9089] overhead, spent [426ms] collecting in the last [1.4s]
