[2017-08-09T11:42:00,416][INFO ][o.e.m.j.JvmGcMonitorService] [sOtFLMY] [gc][41127] overhead, spent [425ms] collecting in the last [1s]
[2017-08-09T11:51:53,460][INFO ][o.e.m.j.JvmGcMonitorService] [sOtFLMY] [gc][young][41710][72] duration [847ms], collections [1]/[1.2s], total [847ms]/[11.1s], memory [419.8mb]->[154.3mb]/[1.9gb], all_pools {[young] [265.8mb]->[147.7kb]/[266.2mb]}{[survivor] [101.4kb]->[232.1kb]/[33.2mb]}{[old] [153.9mb]->[153.9mb]/[1.6gb]}
[2017-08-09T11:51:53,570][WARN ][o.e.m.j.JvmGcMonitorService] [sOtFLMY] [gc][41710] overhead, spent [847ms] collecting in the last [1.2s]
[2017-08-09T13:12:23,982][INFO ][o.e.m.j.JvmGcMonitorService] [sOtFLMY] [gc][46502] overhead, spent [255ms] collecting in the last [1s]
[2017-08-09T22:30:24,592][WARN ][o.e.m.j.JvmGcMonitorService] [sOtFLMY] [gc][young][54897][94] duration [13.6s], collections [1]/[14.6s], total [13.6s]/[26.5s], memory [420.3mb]->[158.3mb]/[1.9gb], all_pools {[young] [266.2mb]->[4.3mb]/[266.2mb]}{[survivor] [114.1kb]->[109.8kb]/[33.2mb]}{[old] [153.9mb]->[154mb]/[1.6gb]}
[2017-08-09T22:30:26,534][WARN ][o.e.m.j.JvmGcMonitorService] [sOtFLMY] [gc][54897] overhead, spent [13.6s] collecting in the last [14.6s]
[2017-08-09T22:41:04,853][WARN ][o.e.m.j.JvmGcMonitorService] [sOtFLMY] [gc][young][55527][95] duration [3.4s], collections [1]/[4s], total [3.4s]/[29.9s], memory [420.3mb]->[154.1mb]/[1.9gb], all_pools {[young] [266.2mb]->[1.4mb]/[266.2mb]}{[survivor] [109.8kb]->[125kb]/[33.2mb]}{[old] [154mb]->[154mb]/[1.6gb]}
[2017-08-09T22:41:04,927][WARN ][o.e.m.j.JvmGcMonitorService] [sOtFLMY] [gc][55527] overhead, spent [3.4s] collecting in the last [4s]
[2017-08-09T23:01:27,248][INFO ][o.e.m.j.JvmGcMonitorService] [sOtFLMY] [gc][56741] overhead, spent [575ms] collecting in the last [1.5s]
[2017-08-09T23:21:48,554][WARN ][o.e.m.j.JvmGcMonitorService] [sOtFLMY] [gc][young][57953][99] duration [1.1s], collections [1]/[1s], total [1.1s]/[31.8s], memory [418.4mb]->[420.4mb]/[1.9gb], all_pools {[young] [264.2mb]->[28.6kb]/[266.2mb]}{[survivor] [251.4kb]->[198.2kb]/[33.2mb]}{[old] [154mb]->[154mb]/[1.6gb]}
[2017-08-09T23:21:49,333][WARN ][o.e.m.j.JvmGcMonitorService] [sOtFLMY] [gc][57953] overhead, spent [1.1s] collecting in the last [1s]
[2017-08-09T23:32:04,949][WARN ][o.e.m.j.JvmGcMonitorService] [sOtFLMY] [gc][young][58562][100] duration [2.8s], collections [1]/[1s], total [2.8s]/[34.6s], memory [420.4mb]->[420.4mb]/[1.9gb], all_pools {[young] [266.2mb]->[266.2mb]/[266.2mb]}{[survivor] [198.2kb]->[143.8kb]/[33.2mb]}{[old] [154mb]->[154mb]/[1.6gb]}
[2017-08-09T23:32:05,329][WARN ][o.e.m.j.JvmGcMonitorService] [sOtFLMY] [gc][58562] overhead, spent [2.8s] collecting in the last [1s]
[2017-08-09T23:42:07,256][INFO ][o.e.m.j.JvmGcMonitorService] [sOtFLMY] [gc][59161] overhead, spent [329ms] collecting in the last [1s]
